loaded eval=1302 dev=436 redteam-train=742 in 15s
dev cut: val=100 (pos 50) pool=336 (pos 168)
grid: [0, 42, 84, 126, 168, 210, 252, 294, 336]
fitting N=0 (red-team only), train=742 | 14.9 GiB free
    [N=0] member 1/10 61 ep 11s
    [N=0] member 2/10 63 ep 10s
    [N=0] member 3/10 58 ep 9s
    [N=0] member 4/10 65 ep 10s
    [N=0] member 5/10 56 ep 8s
    [N=0] member 6/10 55 ep 8s
    [N=0] member 7/10 54 ep 9s
    [N=0] member 8/10 56 ep 9s
    [N=0] member 9/10 59 ep 10s
    [N=0] member 10/10 59 ep 9s
>>> joint     lr=None    N=   0  AUROC 0.8299  acc 0.7196  TPR@1%FPR 0.2633 (<=1%: 0.1698)
>>> finetune  lr=None    N=   0  AUROC 0.8299  acc 0.7196  TPR@1%FPR 0.2633 (<=1%: 0.1698)
>>> finetune  lr=0.0001  N=   0  AUROC 0.8299  acc 0.7196  TPR@1%FPR 0.2633 (<=1%: 0.1698)
[joint] N=42: train=784 | 14.6 GiB free
    [joint/N42] member 1/10 59 ep 9s
    [joint/N42] member 2/10 62 ep 9s
    [joint/N42] member 3/10 64 ep 10s
    [joint/N42] member 4/10 57 ep 9s
    [joint/N42] member 5/10 58 ep 9s
    [joint/N42] member 6/10 66 ep 10s
    [joint/N42] member 7/10 63 ep 10s
    [joint/N42] member 8/10 60 ep 9s
    [joint/N42] member 9/10 68 ep 10s
    [joint/N42] member 10/10 55 ep 8s
>>> joint     lr=None    N=  42  AUROC 0.8502  acc 0.7341  TPR@1%FPR 0.0608 (<=1%: 0.2104)
[joint] N=84: train=826 | 14.4 GiB free
    [joint/N84] member 1/10 58 ep 9s
    [joint/N84] member 2/10 58 ep 9s
    [joint/N84] member 3/10 57 ep 9s
    [joint/N84] member 4/10 61 ep 10s
    [joint/N84] member 5/10 62 ep 10s
    [joint/N84] member 6/10 60 ep 9s
    [joint/N84] member 7/10 64 ep 10s
    [joint/N84] member 8/10 61 ep 10s
    [joint/N84] member 9/10 61 ep 10s
    [joint/N84] member 10/10 62 ep 10s
>>> joint     lr=None    N=  84  AUROC 0.8707  acc 0.7573  TPR@1%FPR 0.2075 (<=1%: 0.2532)
[joint] N=126: train=868 | 14.2 GiB free
    [joint/N126] member 1/10 57 ep 10s
    [joint/N126] member 2/10 55 ep 10s
    [joint/N126] member 3/10 57 ep 10s
    [joint/N126] member 4/10 62 ep 10s
    [joint/N126] member 5/10 61 ep 10s
    [joint/N126] member 6/10 59 ep 10s
    [joint/N126] member 7/10 58 ep 9s
    [joint/N126] member 8/10 62 ep 10s
    [joint/N126] member 9/10 61 ep 10s
    [joint/N126] member 10/10 62 ep 10s
>>> joint     lr=None    N= 126  AUROC 0.8956  acc 0.7845  TPR@1%FPR 0.2015 (<=1%: 0.3373)
[joint] N=168: train=910 | 13.9 GiB free
    [joint/N168] member 1/10 55 ep 9s
    [joint/N168] member 2/10 60 ep 10s
    [joint/N168] member 3/10 57 ep 10s
    [joint/N168] member 4/10 62 ep 11s
    [joint/N168] member 5/10 64 ep 11s
    [joint/N168] member 6/10 58 ep 11s
    [joint/N168] member 7/10 61 ep 11s
    [joint/N168] member 8/10 68 ep 12s
    [joint/N168] member 9/10 57 ep 10s
    [joint/N168] member 10/10 61 ep 10s
>>> joint     lr=None    N= 168  AUROC 0.9161  acc 0.8163  TPR@1%FPR 0.4029 (<=1%: 0.3806)
[joint] N=210: train=952 | 13.7 GiB free
    [joint/N210] member 1/10 57 ep 10s
    [joint/N210] member 2/10 54 ep 9s
    [joint/N210] member 3/10 58 ep 10s
    [joint/N210] member 4/10 55 ep 10s
    [joint/N210] member 5/10 56 ep 10s
    [joint/N210] member 6/10 61 ep 12s
    [joint/N210] member 7/10 59 ep 12s
    [joint/N210] member 8/10 56 ep 11s
    [joint/N210] member 9/10 55 ep 10s
    [joint/N210] member 10/10 56 ep 10s
>>> joint     lr=None    N= 210  AUROC 0.9364  acc 0.8330  TPR@1%FPR 0.1917 (<=1%: 0.3920)
[joint] N=252: train=994 | 13.5 GiB free
    [joint/N252] member 1/10 62 ep 12s
    [joint/N252] member 2/10 60 ep 11s
    [joint/N252] member 3/10 66 ep 12s
    [joint/N252] member 4/10 55 ep 10s
    [joint/N252] member 5/10 61 ep 11s
    [joint/N252] member 6/10 63 ep 12s
    [joint/N252] member 7/10 55 ep 10s
    [joint/N252] member 8/10 58 ep 11s
    [joint/N252] member 9/10 57 ep 10s
    [joint/N252] member 10/10 59 ep 11s
>>> joint     lr=None    N= 252  AUROC 0.9397  acc 0.8496  TPR@1%FPR 0.2994 (<=1%: 0.4400)
[joint] N=294: train=1036 | 13.3 GiB free
    [joint/N294] member 1/10 68 ep 13s
    [joint/N294] member 2/10 53 ep 10s
    [joint/N294] member 3/10 59 ep 11s
    [joint/N294] member 4/10 55 ep 10s
    [joint/N294] member 5/10 56 ep 10s
    [joint/N294] member 6/10 57 ep 10s
    [joint/N294] member 7/10 66 ep 12s
    [joint/N294] member 8/10 64 ep 12s
    [joint/N294] member 9/10 55 ep 10s
    [joint/N294] member 10/10 60 ep 11s
>>> joint     lr=None    N= 294  AUROC 0.9448  acc 0.8565  TPR@1%FPR 0.6047 (<=1%: 0.5238)
[joint] N=336: train=1078 | 13.1 GiB free
    [joint/N336] member 1/10 60 ep 12s
    [joint/N336] member 2/10 62 ep 12s
    [joint/N336] member 3/10 58 ep 11s
    [joint/N336] member 4/10 61 ep 12s
    [joint/N336] member 5/10 60 ep 12s
    [joint/N336] member 6/10 60 ep 12s
    [joint/N336] member 7/10 59 ep 11s
    [joint/N336] member 8/10 55 ep 11s
    [joint/N336] member 9/10 57 ep 11s
    [joint/N336] member 10/10 60 ep 12s
>>> joint     lr=None    N= 336  AUROC 0.9447  acc 0.8547  TPR@1%FPR 0.5566 (<=1%: 0.5386)
[finetune lr=None] N=42 | 18.2 GiB free
    [ft/N42] member 1/10 51 ep 1s
    [ft/N42] member 2/10 51 ep 1s
    [ft/N42] member 3/10 51 ep 1s
    [ft/N42] member 4/10 51 ep 1s
    [ft/N42] member 5/10 51 ep 1s
    [ft/N42] member 6/10 51 ep 1s
    [ft/N42] member 7/10 51 ep 1s
    [ft/N42] member 8/10 51 ep 1s
    [ft/N42] member 9/10 51 ep 1s
    [ft/N42] member 10/10 51 ep 1s
>>> finetune  lr=None    N=  42  AUROC 0.8299  acc 0.7196  TPR@1%FPR 0.2633 (<=1%: 0.1698)
[finetune lr=None] N=84 | 18.1 GiB free
    [ft/N84] member 1/10 63 ep 2s
    [ft/N84] member 2/10 71 ep 2s
    [ft/N84] member 3/10 63 ep 2s
    [ft/N84] member 4/10 59 ep 2s
    [ft/N84] member 5/10 64 ep 2s
    [ft/N84] member 6/10 88 ep 3s
    [ft/N84] member 7/10 125 ep 4s
    [ft/N84] member 8/10 70 ep 2s
    [ft/N84] member 9/10 79 ep 2s
    [ft/N84] member 10/10 86 ep 2s
>>> finetune  lr=None    N=  84  AUROC 0.9036  acc 0.7959  TPR@1%FPR 0.4370 (<=1%: 0.4916)
[finetune lr=None] N=126 | 17.9 GiB free
    [ft/N126] member 1/10 64 ep 2s
    [ft/N126] member 2/10 60 ep 2s
    [ft/N126] member 3/10 79 ep 3s
    [ft/N126] member 4/10 67 ep 3s
    [ft/N126] member 5/10 59 ep 2s
    [ft/N126] member 6/10 59 ep 2s
    [ft/N126] member 7/10 60 ep 2s
    [ft/N126] member 8/10 69 ep 3s
    [ft/N126] member 9/10 66 ep 3s
    [ft/N126] member 10/10 55 ep 2s
>>> finetune  lr=None    N= 126  AUROC 0.9196  acc 0.8180  TPR@1%FPR 0.3547 (<=1%: 0.4515)
[finetune lr=None] N=168 | 17.7 GiB free
    [ft/N168] member 1/10 76 ep 3s
    [ft/N168] member 2/10 73 ep 3s
    [ft/N168] member 3/10 95 ep 4s
    [ft/N168] member 4/10 78 ep 3s
    [ft/N168] member 5/10 61 ep 2s
    [ft/N168] member 6/10 93 ep 4s
    [ft/N168] member 7/10 60 ep 2s
    [ft/N168] member 8/10 78 ep 3s
    [ft/N168] member 9/10 60 ep 2s
    [ft/N168] member 10/10 63 ep 3s
>>> finetune  lr=None    N= 168  AUROC 0.9203  acc 0.8364  TPR@1%FPR 0.3177 (<=1%: 0.3623)
[finetune lr=None] N=210 | 17.5 GiB free
    [ft/N210] member 1/10 91 ep 5s
    [ft/N210] member 2/10 55 ep 3s
    [ft/N210] member 3/10 63 ep 3s
    [ft/N210] member 4/10 74 ep 4s
    [ft/N210] member 5/10 77 ep 4s
    [ft/N210] member 6/10 69 ep 3s
    [ft/N210] member 7/10 71 ep 4s
    [ft/N210] member 8/10 75 ep 4s
    [ft/N210] member 9/10 62 ep 3s
    [ft/N210] member 10/10 64 ep 3s
>>> finetune  lr=None    N= 210  AUROC 0.9397  acc 0.8427  TPR@1%FPR 0.3871 (<=1%: 0.4071)
[finetune lr=None] N=252 | 17.3 GiB free
    [ft/N252] member 1/10 79 ep 5s
    [ft/N252] member 2/10 73 ep 4s
    [ft/N252] member 3/10 74 ep 4s
    [ft/N252] member 4/10 68 ep 4s
    [ft/N252] member 5/10 73 ep 4s
    [ft/N252] member 6/10 85 ep 5s
    [ft/N252] member 7/10 66 ep 4s
    [ft/N252] member 8/10 86 ep 5s
    [ft/N252] member 9/10 82 ep 5s
    [ft/N252] member 10/10 90 ep 5s
>>> finetune  lr=None    N= 252  AUROC 0.9409  acc 0.8518  TPR@1%FPR 0.2988 (<=1%: 0.5088)
[finetune lr=None] N=294 | 17.1 GiB free
    [ft/N294] member 1/10 78 ep 5s
    [ft/N294] member 2/10 65 ep 4s
    [ft/N294] member 3/10 74 ep 5s
    [ft/N294] member 4/10 76 ep 5s
    [ft/N294] member 5/10 77 ep 5s
    [ft/N294] member 6/10 80 ep 5s
    [ft/N294] member 7/10 64 ep 4s
    [ft/N294] member 8/10 84 ep 6s
    [ft/N294] member 9/10 84 ep 6s
    [ft/N294] member 10/10 94 ep 6s
>>> finetune  lr=None    N= 294  AUROC 0.9460  acc 0.8615  TPR@1%FPR 0.4759 (<=1%: 0.5445)
[finetune lr=None] N=336 | 16.9 GiB free
    [ft/N336] member 1/10 81 ep 6s
    [ft/N336] member 2/10 71 ep 5s
    [ft/N336] member 3/10 65 ep 5s
    [ft/N336] member 4/10 69 ep 5s
    [ft/N336] member 5/10 63 ep 4s
    [ft/N336] member 6/10 69 ep 5s
    [ft/N336] member 7/10 63 ep 4s
    [ft/N336] member 8/10 79 ep 6s
    [ft/N336] member 9/10 86 ep 6s
    [ft/N336] member 10/10 71 ep 5s
>>> finetune  lr=None    N= 336  AUROC 0.9541  acc 0.8790  TPR@1%FPR 0.5146 (<=1%: 0.7216)
[finetune lr=0.0001] N=42 | 18.2 GiB free
    [ft/N42] member 1/10 51 ep 1s
    [ft/N42] member 2/10 51 ep 1s
    [ft/N42] member 3/10 51 ep 1s
    [ft/N42] member 4/10 51 ep 1s
    [ft/N42] member 5/10 51 ep 1s
    [ft/N42] member 6/10 51 ep 1s
    [ft/N42] member 7/10 51 ep 1s
    [ft/N42] member 8/10 51 ep 1s
    [ft/N42] member 9/10 51 ep 1s
    [ft/N42] member 10/10 51 ep 1s
>>> finetune  lr=0.0001  N=  42  AUROC 0.8299  acc 0.7196  TPR@1%FPR 0.2633 (<=1%: 0.1698)
[finetune lr=0.0001] N=84 | 18.1 GiB free
    [ft/N84] member 1/10 200 ep 6s
    [ft/N84] member 2/10 51 ep 2s
    [ft/N84] member 3/10 181 ep 5s
    [ft/N84] member 4/10 200 ep 6s
    [ft/N84] member 5/10 124 ep 3s
    [ft/N84] member 6/10 136 ep 4s
    [ft/N84] member 7/10 51 ep 1s
    [ft/N84] member 8/10 151 ep 4s
    [ft/N84] member 9/10 66 ep 2s
    [ft/N84] member 10/10 108 ep 4s
>>> finetune  lr=0.0001  N=  84  AUROC 0.8367  acc 0.7319  TPR@1%FPR 0.1768 (<=1%: 0.1911)
[finetune lr=0.0001] N=126 | 17.9 GiB free
    [ft/N126] member 1/10 198 ep 7s
    [ft/N126] member 2/10 165 ep 6s
    [ft/N126] member 3/10 200 ep 7s
    [ft/N126] member 4/10 174 ep 6s
    [ft/N126] member 5/10 192 ep 8s
    [ft/N126] member 6/10 192 ep 8s
    [ft/N126] member 7/10 56 ep 2s
    [ft/N126] member 8/10 193 ep 7s
    [ft/N126] member 9/10 51 ep 2s
    [ft/N126] member 10/10 122 ep 4s
>>> finetune  lr=0.0001  N= 126  AUROC 0.8405  acc 0.7327  TPR@1%FPR 0.1797 (<=1%: 0.1940)
[finetune lr=0.0001] N=168 | 17.7 GiB free
    [ft/N168] member 1/10 200 ep 9s
    [ft/N168] member 2/10 192 ep 9s
    [ft/N168] member 3/10 198 ep 9s
    [ft/N168] member 4/10 200 ep 9s
    [ft/N168] member 5/10 175 ep 7s
    [ft/N168] member 6/10 148 ep 7s
    [ft/N168] member 7/10 156 ep 7s
    [ft/N168] member 8/10 200 ep 9s
    [ft/N168] member 9/10 51 ep 2s
    [ft/N168] member 10/10 200 ep 9s
>>> finetune  lr=0.0001  N= 168  AUROC 0.8429  acc 0.7355  TPR@1%FPR 0.1451 (<=1%: 0.1951)
[finetune lr=0.0001] N=210 | 17.5 GiB free
    [ft/N210] member 1/10 184 ep 10s
    [ft/N210] member 2/10 200 ep 11s
    [ft/N210] member 3/10 200 ep 10s
    [ft/N210] member 4/10 200 ep 10s
    [ft/N210] member 5/10 174 ep 9s
    [ft/N210] member 6/10 179 ep 9s
    [ft/N210] member 7/10 146 ep 7s
    [ft/N210] member 8/10 160 ep 8s
    [ft/N210] member 9/10 200 ep 10s
    [ft/N210] member 10/10 139 ep 7s
>>> finetune  lr=0.0001  N= 210  AUROC 0.8449  acc 0.7371  TPR@1%FPR 0.0569 (<=1%: 0.1912)
[finetune lr=0.0001] N=252 | 17.3 GiB free
    [ft/N252] member 1/10 193 ep 11s
    [ft/N252] member 2/10 200 ep 12s
    [ft/N252] member 3/10 195 ep 11s
    [ft/N252] member 4/10 200 ep 12s
    [ft/N252] member 5/10 200 ep 11s
    [ft/N252] member 6/10 159 ep 10s
    [ft/N252] member 7/10 171 ep 9s
    [ft/N252] member 8/10 193 ep 11s
    [ft/N252] member 9/10 200 ep 11s
    [ft/N252] member 10/10 98 ep 6s
>>> finetune  lr=0.0001  N= 252  AUROC 0.8421  acc 0.7327  TPR@1%FPR 0.0540 (<=1%: 0.1926)
[finetune lr=0.0001] N=294 | 17.1 GiB free
    [ft/N294] member 1/10 196 ep 12s
    [ft/N294] member 2/10 191 ep 12s
    [ft/N294] member 3/10 189 ep 12s
    [ft/N294] member 4/10 197 ep 12s
    [ft/N294] member 5/10 172 ep 11s
    [ft/N294] member 6/10 155 ep 10s
    [ft/N294] member 7/10 200 ep 13s
    [ft/N294] member 8/10 198 ep 12s
    [ft/N294] member 9/10 186 ep 12s
    [ft/N294] member 10/10 113 ep 7s
>>> finetune  lr=0.0001  N= 294  AUROC 0.8434  acc 0.7330  TPR@1%FPR 0.1674 (<=1%: 0.1940)
[finetune lr=0.0001] N=336 | 16.9 GiB free
    [ft/N336] member 1/10 176 ep 12s
    [ft/N336] member 2/10 200 ep 14s
    [ft/N336] member 3/10 156 ep 11s
    [ft/N336] member 4/10 178 ep 12s
    [ft/N336] member 5/10 200 ep 14s
    [ft/N336] member 6/10 178 ep 13s
    [ft/N336] member 7/10 171 ep 12s
    [ft/N336] member 8/10 179 ep 12s
    [ft/N336] member 9/10 175 ep 12s
    [ft/N336] member 10/10 121 ep 8s
>>> finetune  lr=0.0001  N= 336  AUROC 0.8474  acc 0.7487  TPR@1%FPR 0.2975 (<=1%: 0.1940)
done in 32.0 min -> /workspace/cc_based_auto_improvement/analysis/ceiling/results/sweep_gptoss.jsonl
