loaded eval=1302 dev=436 redteam-train=50 in 6s
dev cut: val=100 (pos 50) pool=336 (pos 168)
grid: [0, 42, 84, 126, 168, 210, 252, 294, 336]
fitting N=0 (red-team only), train=50 | 18.4 GiB free
    [N=0] member 1/10 60 ep 1s
    [N=0] member 2/10 62 ep 1s
    [N=0] member 3/10 116 ep 1s
    [N=0] member 4/10 109 ep 1s
    [N=0] member 5/10 130 ep 2s
    [N=0] member 6/10 94 ep 1s
    [N=0] member 7/10 64 ep 1s
    [N=0] member 8/10 69 ep 1s
    [N=0] member 9/10 65 ep 1s
    [N=0] member 10/10 68 ep 1s
>>> joint     lr=None    N=   0  AUROC 0.7713  acc 0.7140  TPR@1%FPR 0.0779 (<=1%: 0.0965)
>>> finetune  lr=None    N=   0  AUROC 0.7713  acc 0.7140  TPR@1%FPR 0.0779 (<=1%: 0.0965)
[joint] N=42: train=92 | 18.0 GiB free
    [joint/N42] member 1/10 68 ep 1s
    [joint/N42] member 2/10 77 ep 1s
    [joint/N42] member 3/10 59 ep 1s
    [joint/N42] member 4/10 84 ep 1s
    [joint/N42] member 5/10 83 ep 1s
    [joint/N42] member 6/10 62 ep 1s
    [joint/N42] member 7/10 78 ep 1s
    [joint/N42] member 8/10 76 ep 1s
    [joint/N42] member 9/10 78 ep 1s
    [joint/N42] member 10/10 73 ep 1s
>>> joint     lr=None    N=  42  AUROC 0.7959  acc 0.7074  TPR@1%FPR 0.1646 (<=1%: 0.2359)
[joint] N=84: train=134 | 17.8 GiB free
    [joint/N84] member 1/10 61 ep 1s
    [joint/N84] member 2/10 61 ep 1s
    [joint/N84] member 3/10 61 ep 1s
    [joint/N84] member 4/10 58 ep 1s
