loaded eval=1302 dev=436 redteam-train=760 in 13s
dev cut: val=100 (pos 50) pool=336 (pos 168)
grid: [0, 42, 84, 126, 168, 210, 252, 294, 336]
fitting N=0 (red-team only), train=760 | 10.7 GiB free
    [N=0] member 1/10 54 ep 10s
    [N=0] member 2/10 57 ep 9s
    [N=0] member 3/10 55 ep 8s
    [N=0] member 4/10 58 ep 9s
    [N=0] member 5/10 55 ep 8s
    [N=0] member 6/10 70 ep 11s
    [N=0] member 7/10 56 ep 8s
    [N=0] member 8/10 57 ep 9s
    [N=0] member 9/10 58 ep 9s
    [N=0] member 10/10 90 ep 14s
>>> joint     lr=None    N=   0  AUROC 0.7997  acc 0.7192  TPR@1%FPR 0.0713 (<=1%: 0.2154)
>>> finetune  lr=None    N=   0  AUROC 0.7997  acc 0.7192  TPR@1%FPR 0.0713 (<=1%: 0.2154)
>>> finetune  lr=0.0001  N=   0  AUROC 0.7997  acc 0.7192  TPR@1%FPR 0.0713 (<=1%: 0.2154)
[joint] N=42: train=802 | 10.2 GiB free
    [joint/N42] member 1/10 59 ep 10s
    [joint/N42] member 2/10 59 ep 10s
    [joint/N42] member 3/10 55 ep 9s
    [joint/N42] member 4/10 57 ep 9s
    [joint/N42] member 5/10 56 ep 9s
    [joint/N42] member 6/10 58 ep 10s
    [joint/N42] member 7/10 58 ep 10s
    [joint/N42] member 8/10 56 ep 9s
    [joint/N42] member 9/10 58 ep 9s
    [joint/N42] member 10/10 57 ep 9s
>>> joint     lr=None    N=  42  AUROC 0.8260  acc 0.7406  TPR@1%FPR 0.1955 (<=1%: 0.3411)
[joint] N=84: train=844 | 9.8 GiB free
    [joint/N84] member 1/10 63 ep 11s
    [joint/N84] member 2/10 61 ep 11s
    [joint/N84] member 3/10 55 ep 9s
    [joint/N84] member 4/10 69 ep 12s
    [joint/N84] member 5/10 60 ep 10s
    [joint/N84] member 6/10 59 ep 10s
    [joint/N84] member 7/10 56 ep 10s
    [joint/N84] member 8/10 59 ep 10s
    [joint/N84] member 9/10 56 ep 10s
    [joint/N84] member 10/10 57 ep 10s
>>> joint     lr=None    N=  84  AUROC 0.8525  acc 0.7460  TPR@1%FPR 0.3114 (<=1%: 0.2571)
[joint] N=126: train=886 | 9.4 GiB free
    [joint/N126] member 1/10 55 ep 10s
    [joint/N126] member 2/10 55 ep 10s
    [joint/N126] member 3/10 57 ep 10s
    [joint/N126] member 4/10 53 ep 9s
    [joint/N126] member 5/10 58 ep 10s
    [joint/N126] member 6/10 65 ep 11s
    [joint/N126] member 7/10 55 ep 10s
    [joint/N126] member 8/10 59 ep 11s
    [joint/N126] member 9/10 62 ep 11s
    [joint/N126] member 10/10 53 ep 9s
>>> joint     lr=None    N= 126  AUROC 0.8635  acc 0.7596  TPR@1%FPR 0.3535 (<=1%: 0.3978)
[joint] N=168: train=928 | 8.9 GiB free
    [joint/N168] member 1/10 54 ep 10s
    [joint/N168] member 2/10 68 ep 13s
    [joint/N168] member 3/10 68 ep 13s
    [joint/N168] member 4/10 57 ep 10s
    [joint/N168] member 5/10 59 ep 11s
    [joint/N168] member 6/10 53 ep 10s
    [joint/N168] member 7/10 61 ep 11s
    [joint/N168] member 8/10 75 ep 14s
    [joint/N168] member 9/10 67 ep 12s
    [joint/N168] member 10/10 65 ep 12s
>>> joint     lr=None    N= 168  AUROC 0.8882  acc 0.7903  TPR@1%FPR 0.2754 (<=1%: 0.3613)
[joint] N=210: train=970 | 8.5 GiB free
    [joint/N210] member 1/10 116 ep 23s
    [joint/N210] member 2/10 53 ep 10s
    [joint/N210] member 3/10 67 ep 13s
    [joint/N210] member 4/10 60 ep 11s
    [joint/N210] member 5/10 59 ep 11s
    [joint/N210] member 6/10 60 ep 12s
    [joint/N210] member 7/10 53 ep 10s
    [joint/N210] member 8/10 59 ep 11s
    [joint/N210] member 9/10 59 ep 11s
    [joint/N210] member 10/10 59 ep 11s
>>> joint     lr=None    N= 210  AUROC 0.9052  acc 0.8109  TPR@1%FPR 0.2395 (<=1%: 0.3618)
[joint] N=252: train=1012 | 8.1 GiB free
    [joint/N252] member 1/10 57 ep 12s
    [joint/N252] member 2/10 61 ep 13s
    [joint/N252] member 3/10 58 ep 12s
    [joint/N252] member 4/10 55 ep 11s
    [joint/N252] member 5/10 56 ep 11s
    [joint/N252] member 6/10 58 ep 12s
    [joint/N252] member 7/10 56 ep 11s
    [joint/N252] member 8/10 61 ep 12s
    [joint/N252] member 9/10 57 ep 12s
    [joint/N252] member 10/10 59 ep 12s
>>> joint     lr=None    N= 252  AUROC 0.9166  acc 0.8129  TPR@1%FPR 0.2420 (<=1%: 0.6005)
[joint] N=294: train=1054 | 7.6 GiB free
    [joint/N294] member 1/10 58 ep 13s
    [joint/N294] member 2/10 54 ep 11s
    [joint/N294] member 3/10 55 ep 11s
    [joint/N294] member 4/10 56 ep 12s
    [joint/N294] member 5/10 54 ep 11s
    [joint/N294] member 6/10 64 ep 13s
    [joint/N294] member 7/10 53 ep 11s
    [joint/N294] member 8/10 72 ep 15s
    [joint/N294] member 9/10 62 ep 13s
    [joint/N294] member 10/10 59 ep 12s
>>> joint     lr=None    N= 294  AUROC 0.9339  acc 0.8412  TPR@1%FPR 0.1621 (<=1%: 0.5823)
[joint] N=336: train=1096 | 7.2 GiB free
    [joint/N336] member 1/10 66 ep 15s
    [joint/N336] member 2/10 63 ep 14s
    [joint/N336] member 3/10 63 ep 14s
    [joint/N336] member 4/10 59 ep 13s
    [joint/N336] member 5/10 57 ep 12s
    [joint/N336] member 6/10 54 ep 12s
    [joint/N336] member 7/10 54 ep 12s
    [joint/N336] member 8/10 57 ep 12s
    [joint/N336] member 9/10 54 ep 12s
    [joint/N336] member 10/10 56 ep 12s
>>> joint     lr=None    N= 336  AUROC 0.9371  acc 0.8370  TPR@1%FPR 0.5407 (<=1%: 0.4998)
[finetune lr=None] N=42 | 18.2 GiB free
    [ft/N42] member 1/10 51 ep 1s
    [ft/N42] member 2/10 51 ep 1s
    [ft/N42] member 3/10 51 ep 1s
    [ft/N42] member 4/10 51 ep 1s
    [ft/N42] member 5/10 51 ep 1s
    [ft/N42] member 6/10 51 ep 1s
    [ft/N42] member 7/10 51 ep 1s
    [ft/N42] member 8/10 51 ep 1s
    [ft/N42] member 9/10 51 ep 1s
    [ft/N42] member 10/10 51 ep 1s
>>> finetune  lr=None    N=  42  AUROC 0.7997  acc 0.7192  TPR@1%FPR 0.0713 (<=1%: 0.2154)
[finetune lr=None] N=84 | 18.1 GiB free
    [ft/N84] member 1/10 94 ep 3s
    [ft/N84] member 2/10 107 ep 3s
    [ft/N84] member 3/10 56 ep 2s
    [ft/N84] member 4/10 53 ep 1s
    [ft/N84] member 5/10 121 ep 3s
    [ft/N84] member 6/10 114 ep 3s
    [ft/N84] member 7/10 56 ep 2s
    [ft/N84] member 8/10 58 ep 2s
    [ft/N84] member 9/10 61 ep 2s
    [ft/N84] member 10/10 89 ep 3s
>>> finetune  lr=None    N=  84  AUROC 0.8640  acc 0.7626  TPR@1%FPR 0.1792 (<=1%: 0.3192)
[finetune lr=None] N=126 | 17.9 GiB free
    [ft/N126] member 1/10 61 ep 2s
    [ft/N126] member 2/10 74 ep 3s
    [ft/N126] member 3/10 98 ep 4s
    [ft/N126] member 4/10 134 ep 5s
    [ft/N126] member 5/10 74 ep 3s
    [ft/N126] member 6/10 53 ep 2s
    [ft/N126] member 7/10 82 ep 3s
    [ft/N126] member 8/10 86 ep 3s
    [ft/N126] member 9/10 64 ep 3s
    [ft/N126] member 10/10 70 ep 3s
>>> finetune  lr=None    N= 126  AUROC 0.8882  acc 0.7801  TPR@1%FPR 0.3036 (<=1%: 0.3822)
[finetune lr=None] N=168 | 17.7 GiB free
    [ft/N168] member 1/10 71 ep 3s
    [ft/N168] member 2/10 78 ep 4s
    [ft/N168] member 3/10 87 ep 4s
    [ft/N168] member 4/10 120 ep 5s
    [ft/N168] member 5/10 101 ep 4s
    [ft/N168] member 6/10 73 ep 3s
    [ft/N168] member 7/10 85 ep 4s
    [ft/N168] member 8/10 72 ep 3s
    [ft/N168] member 9/10 100 ep 4s
    [ft/N168] member 10/10 64 ep 3s
>>> finetune  lr=None    N= 168  AUROC 0.9055  acc 0.8002  TPR@1%FPR 0.2184 (<=1%: 0.4355)
[finetune lr=None] N=210 | 17.5 GiB free
    [ft/N210] member 1/10 93 ep 5s
    [ft/N210] member 2/10 83 ep 4s
    [ft/N210] member 3/10 91 ep 4s
    [ft/N210] member 4/10 145 ep 7s
    [ft/N210] member 5/10 73 ep 4s
    [ft/N210] member 6/10 66 ep 4s
    [ft/N210] member 7/10 67 ep 4s
    [ft/N210] member 8/10 71 ep 4s
    [ft/N210] member 9/10 128 ep 6s
    [ft/N210] member 10/10 69 ep 4s
>>> finetune  lr=None    N= 210  AUROC 0.9244  acc 0.8241  TPR@1%FPR 0.3397 (<=1%: 0.3997)
[finetune lr=None] N=252 | 17.3 GiB free
    [ft/N252] member 1/10 66 ep 4s
    [ft/N252] member 2/10 68 ep 4s
    [ft/N252] member 3/10 65 ep 4s
    [ft/N252] member 4/10 117 ep 7s
    [ft/N252] member 5/10 112 ep 6s
    [ft/N252] member 6/10 61 ep 3s
    [ft/N252] member 7/10 63 ep 3s
    [ft/N252] member 8/10 78 ep 4s
    [ft/N252] member 9/10 118 ep 7s
    [ft/N252] member 10/10 166 ep 9s
>>> finetune  lr=None    N= 252  AUROC 0.9306  acc 0.8256  TPR@1%FPR 0.3380 (<=1%: 0.4340)
[finetune lr=None] N=294 | 17.1 GiB free
    [ft/N294] member 1/10 69 ep 5s
    [ft/N294] member 2/10 66 ep 4s
    [ft/N294] member 3/10 76 ep 5s
    [ft/N294] member 4/10 116 ep 7s
    [ft/N294] member 5/10 78 ep 5s
    [ft/N294] member 6/10 133 ep 8s
    [ft/N294] member 7/10 69 ep 4s
    [ft/N294] member 8/10 69 ep 5s
    [ft/N294] member 9/10 87 ep 6s
    [ft/N294] member 10/10 180 ep 11s
>>> finetune  lr=None    N= 294  AUROC 0.9396  acc 0.8429  TPR@1%FPR 0.3827 (<=1%: 0.4541)
[finetune lr=None] N=336 | 16.9 GiB free
    [ft/N336] member 1/10 76 ep 5s
    [ft/N336] member 2/10 86 ep 6s
    [ft/N336] member 3/10 61 ep 4s
    [ft/N336] member 4/10 145 ep 10s
    [ft/N336] member 5/10 76 ep 5s
    [ft/N336] member 6/10 78 ep 5s
    [ft/N336] member 7/10 72 ep 5s
    [ft/N336] member 8/10 71 ep 5s
    [ft/N336] member 9/10 86 ep 6s
    [ft/N336] member 10/10 73 ep 5s
>>> finetune  lr=None    N= 336  AUROC 0.9435  acc 0.8623  TPR@1%FPR 0.5604 (<=1%: 0.4920)
[finetune lr=0.0001] N=42 | 18.2 GiB free
    [ft/N42] member 1/10 51 ep 1s
    [ft/N42] member 2/10 51 ep 1s
    [ft/N42] member 3/10 51 ep 1s
    [ft/N42] member 4/10 51 ep 1s
    [ft/N42] member 5/10 51 ep 1s
    [ft/N42] member 6/10 51 ep 1s
    [ft/N42] member 7/10 51 ep 1s
    [ft/N42] member 8/10 51 ep 1s
    [ft/N42] member 9/10 51 ep 1s
    [ft/N42] member 10/10 51 ep 1s
>>> finetune  lr=0.0001  N=  42  AUROC 0.7997  acc 0.7192  TPR@1%FPR 0.0713 (<=1%: 0.2154)
[finetune lr=0.0001] N=84 | 18.1 GiB free
    [ft/N84] member 1/10 120 ep 4s
    [ft/N84] member 2/10 60 ep 2s
    [ft/N84] member 3/10 200 ep 6s
    [ft/N84] member 4/10 157 ep 5s
    [ft/N84] member 5/10 82 ep 2s
    [ft/N84] member 6/10 149 ep 4s
    [ft/N84] member 7/10 83 ep 2s
    [ft/N84] member 8/10 160 ep 5s
    [ft/N84] member 9/10 197 ep 6s
    [ft/N84] member 10/10 188 ep 6s
>>> finetune  lr=0.0001  N=  84  AUROC 0.7982  acc 0.7102  TPR@1%FPR 0.1697 (<=1%: 0.2596)
[finetune lr=0.0001] N=126 | 17.9 GiB free
    [ft/N126] member 1/10 104 ep 4s
    [ft/N126] member 2/10 57 ep 2s
    [ft/N126] member 3/10 189 ep 6s
    [ft/N126] member 4/10 137 ep 5s
    [ft/N126] member 5/10 91 ep 3s
    [ft/N126] member 6/10 166 ep 6s
    [ft/N126] member 7/10 102 ep 4s
    [ft/N126] member 8/10 166 ep 6s
    [ft/N126] member 9/10 126 ep 5s
    [ft/N126] member 10/10 144 ep 5s
>>> finetune  lr=0.0001  N= 126  AUROC 0.8015  acc 0.7193  TPR@1%FPR 0.1712 (<=1%: 0.2568)
[finetune lr=0.0001] N=168 | 17.7 GiB free
    [ft/N168] member 1/10 200 ep 8s
    [ft/N168] member 2/10 55 ep 2s
    [ft/N168] member 3/10 160 ep 7s
    [ft/N168] member 4/10 152 ep 7s
    [ft/N168] member 5/10 167 ep 7s
    [ft/N168] member 6/10 150 ep 6s
    [ft/N168] member 7/10 135 ep 6s
    [ft/N168] member 8/10 200 ep 8s
    [ft/N168] member 9/10 200 ep 9s
    [ft/N168] member 10/10 97 ep 4s
>>> finetune  lr=0.0001  N= 168  AUROC 0.8024  acc 0.7215  TPR@1%FPR 0.1669 (<=1%: 0.2525)
[finetune lr=0.0001] N=210 | 17.5 GiB free
    [ft/N210] member 1/10 106 ep 6s
    [ft/N210] member 2/10 197 ep 10s
    [ft/N210] member 3/10 166 ep 8s
    [ft/N210] member 4/10 135 ep 7s
    [ft/N210] member 5/10 160 ep 8s
    [ft/N210] member 6/10 190 ep 10s
    [ft/N210] member 7/10 124 ep 7s
    [ft/N210] member 8/10 200 ep 10s
    [ft/N210] member 9/10 200 ep 11s
    [ft/N210] member 10/10 147 ep 8s
>>> finetune  lr=0.0001  N= 210  AUROC 0.8041  acc 0.7217  TPR@1%FPR 0.1626 (<=1%: 0.2554)
[finetune lr=0.0001] N=252 | 17.3 GiB free
    [ft/N252] member 1/10 94 ep 5s
    [ft/N252] member 2/10 200 ep 11s
    [ft/N252] member 3/10 131 ep 7s
    [ft/N252] member 4/10 175 ep 10s
    [ft/N252] member 5/10 101 ep 6s
    [ft/N252] member 6/10 186 ep 11s
    [ft/N252] member 7/10 200 ep 11s
    [ft/N252] member 8/10 133 ep 8s
    [ft/N252] member 9/10 200 ep 11s
    [ft/N252] member 10/10 163 ep 9s
>>> finetune  lr=0.0001  N= 252  AUROC 0.8036  acc 0.7175  TPR@1%FPR 0.0544 (<=1%: 0.2654)
[finetune lr=0.0001] N=294 | 17.1 GiB free
    [ft/N294] member 1/10 92 ep 6s
    [ft/N294] member 2/10 133 ep 8s
    [ft/N294] member 3/10 173 ep 11s
    [ft/N294] member 4/10 174 ep 11s
    [ft/N294] member 5/10 200 ep 13s
    [ft/N294] member 6/10 111 ep 8s
    [ft/N294] member 7/10 200 ep 13s
    [ft/N294] member 8/10 176 ep 11s
    [ft/N294] member 9/10 200 ep 13s
    [ft/N294] member 10/10 200 ep 13s
>>> finetune  lr=0.0001  N= 294  AUROC 0.8057  acc 0.7217  TPR@1%FPR 0.1041 (<=1%: 0.2668)
[finetune lr=0.0001] N=336 | 16.9 GiB free
    [ft/N336] member 1/10 187 ep 13s
    [ft/N336] member 2/10 145 ep 10s
    [ft/N336] member 3/10 194 ep 14s
    [ft/N336] member 4/10 142 ep 10s
    [ft/N336] member 5/10 200 ep 14s
    [ft/N336] member 6/10 184 ep 13s
    [ft/N336] member 7/10 151 ep 11s
    [ft/N336] member 8/10 174 ep 12s
    [ft/N336] member 9/10 194 ep 13s
    [ft/N336] member 10/10 175 ep 12s
>>> finetune  lr=0.0001  N= 336  AUROC 0.8094  acc 0.7223  TPR@1%FPR 0.1016 (<=1%: 0.2696)
done in 33.9 min -> /workspace/cc_based_auto_improvement/analysis/ceiling/results/sweep_nemotron.jsonl
