>>> 2026-08-23T14:04:20+00:00  START  prep_hu_ha_dd_gptoss120b
>>> 2026-08-23T14:04:25+00:00  DONE  prep_hu_ha_dd_gptoss120b
>>> 2026-08-23T14:04:25+00:00  START  prep_hu_ha_dd_deepseekv4pro
>>> 2026-08-23T14:04:31+00:00  DONE  prep_hu_ha_dd_deepseekv4pro
>>> 2026-08-23T14:04:31+00:00  START  verify_batch_padding
>>> 2026-08-23T14:04:54+00:00  DONE  verify_batch_padding
>>> 2026-08-23T14:04:54+00:00  START  verify_extraction_noise
>>> 2026-08-23T14:05:19+00:00  DONE  verify_extraction_noise
>>> 2026-08-23T14:05:19+00:00  START  verify_fast_fit
>>> 2026-08-23T14:06:01+00:00  DONE  verify_fast_fit
>>> 2026-08-23T14:06:01+00:00  START  ceiling_hu_ha_dd_gptoss120b
>>> 2026-08-23T14:08:53+00:00  DONE  ceiling_hu_ha_dd_gptoss120b
>>> 2026-08-23T14:08:53+00:00  START  sweep_hu_ha_dd_gptoss120b
>>> 2026-08-23T14:20:23+00:00  DONE  sweep_hu_ha_dd_gptoss120b
>>> 2026-08-23T14:20:23+00:00  START  ceiling_hu_ha_dd_deepseekv4pro
>>> 2026-08-23T14:23:15+00:00  DONE  ceiling_hu_ha_dd_deepseekv4pro
>>> 2026-08-23T14:23:15+00:00  START  sweep_hu_ha_dd_deepseekv4pro
>>> 2026-08-23T14:36:02+00:00  DONE  sweep_hu_ha_dd_deepseekv4pro
>>> 2026-08-23T14:36:02+00:00  START  make_report
>>> 2026-08-23T14:36:04+00:00  FAILED(rc=1)  make_report
>>> 2026-08-23T14:36:04+00:00  ABORT  chain
