train 400 rows, val 72 rows, gpu=True
Training probe...
Epoch 1 - Average loss: 0.6357
Validation AUROC: 0.70448
Epoch 2 - Average loss: 0.3309
Validation AUROC: 0.73418
Epoch 3 - Average loss: 0.1922
Validation AUROC: 0.73534
Epoch 4 - Average loss: 0.1237
Validation AUROC: 0.78048
Epoch 5 - Average loss: 0.0725
Validation AUROC: 0.78588
Epoch 6 - Average loss: 0.0469
Validation AUROC: 0.77276
Epoch 7 - Average loss: 0.0336
Validation AUROC: 0.77932
Epoch 8 - Average loss: 0.0317
Validation AUROC: 0.78048
Epoch 9 - Average loss: 0.0172
Validation AUROC: 0.78086
Epoch 10 - Average loss: 0.0096
Validation AUROC: 0.76929
Epoch 11 - Average loss: 0.0059
Validation AUROC: 0.75926
Epoch 12 - Average loss: 0.0042
Validation AUROC: 0.76620
Epoch 13 - Average loss: 0.0029
Validation AUROC: 0.77238
Epoch 14 - Average loss: 0.0020
Validation AUROC: 0.78356
Epoch 15 - Average loss: 0.0013
Validation AUROC: 0.78164
Epoch 16 - Average loss: 0.0011
Validation AUROC: 0.77623
Epoch 17 - Average loss: 0.0011
Validation AUROC: 0.77778
Epoch 18 - Average loss: 0.0008
Validation AUROC: 0.77971
Epoch 19 - Average loss: 0.0008
Validation AUROC: 0.77816
Epoch 20 - Average loss: 0.0009
Validation AUROC: 0.77739
Epoch 21 - Average loss: 0.0008
Validation AUROC: 0.77469
Epoch 22 - Average loss: 0.0008
Validation AUROC: 0.77238
Epoch 23 - Average loss: 0.0007
Validation AUROC: 0.77122
Epoch 24 - Average loss: 0.0007
Validation AUROC: 0.77199
Epoch 25 - Average loss: 0.0007
Validation AUROC: 0.76968
Epoch 26 - Average loss: 0.0007
Validation AUROC: 0.76890
Epoch 27 - Average loss: 0.0007
Validation AUROC: 0.76852
Epoch 28 - Average loss: 0.0007
Validation AUROC: 0.76775
Epoch 29 - Average loss: 0.0006
Validation AUROC: 0.76852
Epoch 30 - Average loss: 0.0006
Validation AUROC: 0.76813
Epoch 31 - Average loss: 0.0006
Validation AUROC: 0.76620
Epoch 32 - Average loss: 0.0006
Validation AUROC: 0.76620
Epoch 33 - Average loss: 0.0006
Validation AUROC: 0.76775
Epoch 34 - Average loss: 0.0006
Validation AUROC: 0.76582
Epoch 35 - Average loss: 0.0006
Validation AUROC: 0.76505
Epoch 36 - Average loss: 0.0006
Validation AUROC: 0.76582
Epoch 37 - Average loss: 0.0006
Validation AUROC: 0.76582
Epoch 38 - Average loss: 0.0006
Validation AUROC: 0.76620
Epoch 39 - Average loss: 0.0006
Validation AUROC: 0.76543
Epoch 40 - Average loss: 0.0006
Validation AUROC: 0.76620
Epoch 41 - Average loss: 0.0005
Validation AUROC: 0.76427
Epoch 42 - Average loss: 0.0006
Validation AUROC: 0.76543
Epoch 43 - Average loss: 0.0006
Validation AUROC: 0.76505
Epoch 44 - Average loss: 0.0005
Validation AUROC: 0.76427
Epoch 45 - Average loss: 0.0005
Validation AUROC: 0.76505
Epoch 46 - Average loss: 0.0005
Validation AUROC: 0.76119
Epoch 47 - Average loss: 0.0005
Validation AUROC: 0.76157
Epoch 48 - Average loss: 0.0005
Validation AUROC: 0.76312
Epoch 49 - Average loss: 0.0005
Validation AUROC: 0.76350
Epoch 50 - Average loss: 0.0005
Validation AUROC: 0.76350
Epoch 51 - Average loss: 0.0005
Validation AUROC: 0.76350
Epoch 52 - Average loss: 0.0005
Validation AUROC: 0.76389
Epoch 53 - Average loss: 0.0005
Validation AUROC: 0.76235
Epoch 54 - Average loss: 0.0005
Validation AUROC: 0.76235
Epoch 55 - Average loss: 0.0005
Validation AUROC: 0.76273
Early stopping triggered after 55 epochs
  eval_ai_dilemmas           reference AUROC 0.681553  ragged 0.681553  max |dp| 0.00e+00
  eval_ant_hh                reference AUROC 0.675763  ragged 0.675763  max |dp| 0.00e+00
  eval_balanced_refusal      reference AUROC 0.905025  ragged 0.905025  max |dp| 0.00e+00
  eval_daily_dilemmas        reference AUROC 0.886506  ragged 0.886506  max |dp| 0.00e+00

reference fit 7.1s   ragged fit 4.8s   speedup 1.5x
max |AUROC difference| = 0.00e+00
best_epoch: reference 5, ragged 5
