[sweep] 11 archs x 6 layers = 66 fits; split=oig_omission; train=base+couples; fused=False
[sweep] archs: sklearn, difference_of_means, lda, pre_mean, attention, linear_then_mean, linear_then_max, linear_then_softmax, linear_then_rolling_max, linear_then_last, multimax
================ LAYER 16 ================
  sklearn@L16                        n_ens  1  AUROC 0.5248  (2s)
  difference_of_means@L16            n_ens  1  AUROC 0.3998  (2s)
  lda@L16                            n_ens  1  AUROC 0.3998  (2s)
  pre_mean@L16                       n_ens 10  AUROC 0.6216  (44s)
  attention@L16                      n_ens 10  AUROC 0.6074  (37s)
  linear_then_mean@L16               n_ens 10  AUROC 0.6253  (47s)
  linear_then_max@L16                n_ens 10  AUROC 0.5500  (29s)
  linear_then_softmax@L16            n_ens 10  AUROC 0.5826  (38s)
  linear_then_rolling_max@L16        n_ens 10  AUROC 0.5038  (28s)
  linear_then_last@L16               n_ens 10  AUROC 0.7196  (39s)
  multimax@L16                       n_ens 10  AUROC 0.5679  (26s)
================ LAYER 24 ================
  sklearn@L24                        n_ens  1  AUROC 0.5306  (2s)
  difference_of_means@L24            n_ens  1  AUROC 0.4912  (2s)
  lda@L24                            n_ens  1  AUROC 0.4912  (2s)
  pre_mean@L24                       n_ens 10  AUROC 0.6784  (51s)
  attention@L24                      n_ens 10  AUROC 0.7013  (30s)
  linear_then_mean@L24               n_ens 10  AUROC 0.6787  (58s)
  linear_then_max@L24                n_ens 10  AUROC 0.6702  (28s)
  linear_then_softmax@L24            n_ens 10  AUROC 0.7559  (44s)
  linear_then_rolling_max@L24        n_ens 10  AUROC 0.6297  (42s)
  linear_then_last@L24               n_ens 10  AUROC 0.7855  (28s)
  multimax@L24                       n_ens 10  AUROC 0.6870  (24s)
================ LAYER 32 ================
  sklearn@L32                        n_ens  1  AUROC 0.5996  (2s)
  difference_of_means@L32            n_ens  1  AUROC 0.4180  (2s)
  lda@L32                            n_ens  1  AUROC 0.4180  (2s)
  pre_mean@L32                       n_ens 10  AUROC 0.7085  (31s)
  attention@L32                      n_ens 10  AUROC 0.7645  (39s)
  linear_then_mean@L32               n_ens 10  AUROC 0.7101  (32s)
  linear_then_max@L32                n_ens 10  AUROC 0.6816  (27s)
  linear_then_softmax@L32            n_ens 10  AUROC 0.8467  (31s)
  linear_then_rolling_max@L32        n_ens 10  AUROC 0.7187  (33s)
  linear_then_last@L32               n_ens 10  AUROC 0.8393  (29s)
  multimax@L32                       n_ens 10  AUROC 0.5389  (23s)
================ LAYER 40 ================
  sklearn@L40                        n_ens  1  AUROC 0.5691  (2s)
  difference_of_means@L40            n_ens  1  AUROC 0.5057  (2s)
  lda@L40                            n_ens  1  AUROC 0.5057  (2s)
  pre_mean@L40                       n_ens 10  AUROC 0.6728  (41s)
  attention@L40                      n_ens 10  AUROC 0.7452  (30s)
  linear_then_mean@L40               n_ens 10  AUROC 0.6710  (38s)
  linear_then_max@L40                n_ens 10  AUROC 0.7202  (28s)
  linear_then_softmax@L40            n_ens 10  AUROC 0.7935  (35s)
  linear_then_rolling_max@L40        n_ens 10  AUROC 0.7559  (28s)
  linear_then_last@L40               n_ens 10  AUROC 0.8489  (35s)
  multimax@L40                       n_ens 10  AUROC 0.7839  (24s)
================ LAYER 48 ================
  sklearn@L48                        n_ens  1  AUROC 0.5223  (2s)
  difference_of_means@L48            n_ens  1  AUROC 0.4983  (2s)
  lda@L48                            n_ens  1  AUROC 0.4983  (2s)
  pre_mean@L48                       n_ens 10  AUROC 0.6420  (38s)
  attention@L48                      n_ens 10  AUROC 0.6870  (30s)
  linear_then_mean@L48               n_ens 10  AUROC 0.6420  (34s)
  linear_then_max@L48                n_ens 10  AUROC 0.5459  (30s)
  linear_then_softmax@L48            n_ens 10  AUROC 0.7781  (30s)
  linear_then_rolling_max@L48        n_ens 10  AUROC 0.8286  (29s)
  linear_then_last@L48               n_ens 10  AUROC 0.8427  (30s)
  multimax@L48                       n_ens 10  AUROC 0.7199  (26s)
================ LAYER 56 ================
  sklearn@L56                        n_ens  1  AUROC 0.5128  (2s)
  difference_of_means@L56            n_ens  1  AUROC 0.4577  (2s)
  lda@L56                            n_ens  1  AUROC 0.4577  (2s)
  pre_mean@L56                       n_ens 10  AUROC 0.6227  (30s)
  attention@L56                      n_ens 10  AUROC 0.7405  (27s)
  linear_then_mean@L56               n_ens 10  AUROC 0.6248  (30s)
  linear_then_max@L56                n_ens 10  AUROC 0.7162  (34s)
  linear_then_softmax@L56            n_ens 10  AUROC 0.8227  (28s)
  linear_then_rolling_max@L56        n_ens 10  AUROC 0.6705  (28s)
  linear_then_last@L56               n_ens 10  AUROC 0.8575  (29s)
  multimax@L56                       n_ens 10  AUROC 0.7624  (26s)
================ oig_omission eval AUROC ================
sklearn                      0.5248   0.5306   0.5996   0.5691   0.5223   0.5128   0.5996
difference_of_means          0.3998   0.4912   0.4180   0.5057   0.4983   0.4577   0.5057
lda                          0.3998   0.4912   0.4180   0.5057   0.4983   0.4577   0.5057
pre_mean                     0.6216   0.6784   0.7085   0.6728   0.6420   0.6227   0.7085
attention                    0.6074   0.7013   0.7645   0.7452   0.6870   0.7405   0.7645
multimax                     0.5679   0.6870   0.5389   0.7839   0.7199   0.7624   0.7839
wrote results_instructions_gemma27b_layersweep/arch_layer_sweep_SP2.json
