[sweep] 2 archs x 6 layers = 12 fits; split=oig_omission; train=base; fused=False
[sweep] archs: linear_then_last, linear_then_softmax
================ LAYER 16 ================
  linear_then_last@L16               n_ens 10  AUROC 0.5780  (26s)
  linear_then_softmax@L16            n_ens 10  AUROC 0.5497  (30s)
================ LAYER 24 ================
  linear_then_last@L24               n_ens 10  AUROC 0.6427  (34s)
  linear_then_softmax@L24            n_ens 10  AUROC 0.5482  (44s)
================ LAYER 32 ================
  linear_then_last@L32               n_ens 10  AUROC 0.8336  (32s)
  linear_then_softmax@L32            n_ens 10  AUROC 0.7966  (37s)
================ LAYER 40 ================
  linear_then_last@L40               n_ens 10  AUROC 0.8381  (26s)
  linear_then_softmax@L40            n_ens 10  AUROC 0.7836  (38s)
================ LAYER 48 ================
  linear_then_last@L48               n_ens 10  AUROC 0.8547  (34s)
  linear_then_softmax@L48            n_ens 10  AUROC 0.7627  (27s)
================ LAYER 56 ================
  linear_then_last@L56               n_ens 10  AUROC 0.8846  (27s)
  linear_then_softmax@L56            n_ens 10  AUROC 0.7147  (28s)
================ oig_omission eval AUROC ================
wrote results_instructions_gemma27b_layersweep/arch_layer_sweep_BASEONLY.json
