
=== deepseekv4pro ===
  40 fit(s) to run
  red-team activations: 878 rows, 9.7 GB (19s); 173 on the val side

=== deepseekv4pro ===
  40 fit(s) to run
  red-team activations: 878 rows, 9.7 GB (18s); 173 on the val side

=== deepseekv4pro ===
  40 fit(s) to run
  red-team activations: 878 rows, 9.7 GB (16s); 173 on the val side
  training set: 747 rows, val 181
  seed 42 linear_then_softmax          fit 1221.0s score 15.6s params=    5377 best_epoch=36
     ai_dilemmas    acc=0.647 auc=0.9886  ant_hh         acc=0.709 auc=0.7149  balanced_refusal acc=0.787 auc=0.9535  daily_dilemmas acc=0.898 auc=0.9878
run_arch_sweep.sh: /root/.bash_env: Permission denied
>>> ===== seed 42, both arms ===== 2026-08-15T17:10:11+00:00

=== deepseekv4pro ===
  7 fit(s) to run
  red-team activations: 878 rows, 9.7 GB (46s); 173 on the val side
  training set: 747 rows, val 181
  seed 42 attention                    fit 3137.5s score 45.4s params=   10754 best_epoch=38
     ai_dilemmas    acc=0.500 auc=0.6851  ant_hh         acc=0.694 auc=0.7740  balanced_refusal acc=0.812 auc=0.9162  daily_dilemmas acc=0.806 auc=0.8877
  seed 42 mlp_then_softmax             fit 2581.0s score 21.6s params=  344193 best_epoch=17
     ai_dilemmas    acc=0.537 auc=0.8804  ant_hh         acc=0.694 auc=0.7521  balanced_refusal acc=0.780 auc=0.8328  daily_dilemmas acc=0.837 auc=0.9876
  seed 42 attention_then_mlp           fit  522.3s score 16.7s params=  349570 best_epoch=8
     ai_dilemmas    acc=0.500 auc=0.5993  ant_hh         acc=0.694 auc=0.7344  balanced_refusal acc=0.805 auc=0.8771  daily_dilemmas acc=0.724 auc=0.8503
