[sweep] 11 archs x 6 layers = 66 fits; split=oig_omission; fused=False
[sweep] archs: sklearn, difference_of_means, lda, pre_mean, attention, linear_then_mean, linear_then_max, linear_then_softmax, linear_then_rolling_max, linear_then_last, multimax
================ LAYER 16 ================
  sklearn@L16                        n_ens  1  AUROC 0.5082  (3s)
  difference_of_means@L16            n_ens  1  AUROC 0.3927  (3s)
  lda@L16                            n_ens  1  AUROC 0.3927  (2s)
  pre_mean@L16                       n_ens 10  AUROC 0.5817  (71s)
  attention@L16                      n_ens 10  AUROC 0.5633  (74s)
  linear_then_mean@L16               n_ens 10  AUROC 0.5788  (74s)
  linear_then_max@L16                n_ens 10  AUROC 0.5000  (43s)
  linear_then_softmax@L16            n_ens 10  AUROC 0.5713  (38s)
  linear_then_rolling_max@L16        n_ens 10  AUROC 0.5043  (31s)
  linear_then_last@L16               n_ens 10  AUROC 0.5508  (43s)
  multimax@L16                       n_ens 10  AUROC 0.5749  (28s)
================ LAYER 24 ================
  sklearn@L24                        n_ens  1  AUROC 0.4872  (3s)
  difference_of_means@L24            n_ens  1  AUROC 0.3690  (2s)
  lda@L24                            n_ens  1  AUROC 0.3690  (2s)
  pre_mean@L24                       n_ens 10  AUROC 0.5673  (39s)
  attention@L24                      n_ens 10  AUROC 0.5826  (76s)
  linear_then_mean@L24               n_ens 10  AUROC 0.5645  (36s)
  linear_then_max@L24                n_ens 10  AUROC 0.6017  (34s)
  linear_then_softmax@L24            n_ens 10  AUROC 0.5853  (43s)
  linear_then_rolling_max@L24        n_ens 10  AUROC 0.5922  (48s)
  linear_then_last@L24               n_ens 10  AUROC 0.7147  (41s)
  multimax@L24                       n_ens 10  AUROC 0.5716  (29s)
================ LAYER 32 ================
  sklearn@L32                        n_ens  1  AUROC 0.5423  (3s)
  difference_of_means@L32            n_ens  1  AUROC 0.4120  (2s)
  lda@L32                            n_ens  1  AUROC 0.4120  (2s)
  pre_mean@L32                       n_ens 10  AUROC 0.6106  (59s)
  attention@L32                      n_ens 10  AUROC 0.7165  (65s)
  linear_then_mean@L32               n_ens 10  AUROC 0.6116  (60s)
  linear_then_max@L32                n_ens 10  AUROC 0.5208  (33s)
  linear_then_softmax@L32            n_ens 10  AUROC 0.7116  (40s)
  linear_then_rolling_max@L32        n_ens 10  AUROC 0.6183  (35s)
  linear_then_last@L32               n_ens 10  AUROC 0.7227  (43s)
  multimax@L32                       n_ens 10  AUROC 0.5666  (33s)
================ LAYER 40 ================
  sklearn@L40                        n_ens  1  AUROC 0.5060  (3s)
  difference_of_means@L40            n_ens  1  AUROC 0.5057  (2s)
  lda@L40                            n_ens  1  AUROC 0.5057  (2s)
  pre_mean@L40                       n_ens 10  AUROC 0.5546  (71s)
  attention@L40                      n_ens 10  AUROC 0.6719  (60s)
  linear_then_mean@L40               n_ens 10  AUROC 0.5562  (69s)
  linear_then_max@L40                n_ens 10  AUROC 0.4955  (32s)
  linear_then_softmax@L40            n_ens 10  AUROC 0.6408  (42s)
  linear_then_rolling_max@L40        n_ens 10  AUROC 0.6653  (57s)
  linear_then_last@L40               n_ens 10  AUROC 0.7867  (71s)
  multimax@L40                       n_ens 10  AUROC 0.6276  (30s)
================ LAYER 48 ================
  sklearn@L48                        n_ens  1  AUROC 0.4854  (3s)
  difference_of_means@L48            n_ens  1  AUROC 0.4814  (2s)
  lda@L48                            n_ens  1  AUROC 0.4814  (2s)
  pre_mean@L48                       n_ens 10  AUROC 0.5479  (67s)
  attention@L48                      n_ens 10  AUROC 0.6020  (54s)
  linear_then_mean@L48               n_ens 10  AUROC 0.5482  (75s)
  linear_then_max@L48                n_ens 10  AUROC 0.5437  (34s)
  linear_then_softmax@L48            n_ens 10  AUROC 0.6066  (38s)
  linear_then_rolling_max@L48        n_ens 10  AUROC 0.6319  (39s)
  linear_then_last@L48               n_ens 10  AUROC 0.7722  (57s)
  multimax@L48                       n_ens 10  AUROC 0.6002  (36s)
================ LAYER 56 ================
  sklearn@L56                        n_ens  1  AUROC 0.4654  (3s)
  difference_of_means@L56            n_ens  1  AUROC 0.4554  (2s)
  lda@L56                            n_ens  1  AUROC 0.4554  (2s)
  pre_mean@L56                       n_ens 10  AUROC 0.5183  (75s)
  attention@L56                      n_ens 10  AUROC 0.5934  (70s)
  linear_then_mean@L56               n_ens 10  AUROC 0.5177  (75s)
  linear_then_max@L56                n_ens 10  AUROC 0.4995  (33s)
  linear_then_softmax@L56            n_ens 10  AUROC 0.5891  (46s)
  linear_then_rolling_max@L56        n_ens 10  AUROC 0.5686  (37s)
  linear_then_last@L56               n_ens 10  AUROC 0.7202  (79s)
  multimax@L56                       n_ens 10  AUROC 0.5873  (33s)
================ oig_omission eval AUROC ================
sklearn                      0.5082   0.4872   0.5423   0.5060   0.4854   0.4654   0.5423
difference_of_means          0.3927   0.3690   0.4120   0.5057   0.4814   0.4554   0.5057
lda                          0.3927   0.3690   0.4120   0.5057   0.4814   0.4554   0.5057
pre_mean                     0.5817   0.5673   0.6106   0.5546   0.5479   0.5183   0.6106
attention                    0.5633   0.5826   0.7165   0.6719   0.6020   0.5934   0.7165
multimax                     0.5749   0.5716   0.5666   0.6276   0.6002   0.5873   0.6276
wrote results_instructions_gemma27b_layersweep/arch_layer_sweep.json
