deepseekv4pro: 439 pairs, LOO used 50 seeds
  drop_harmful_bh                 0 pairs
  drop_harmful_2se               33 pairs
  drop_inert                    359 pairs
  drop_harmful2se_and_inert     392 pairs
  drop_random_control            33 pairs
  (pairs flagged as useful)      51 pairs
packed deepseekv4pro: train 747 rows / 3.40 GB, val 181 rows / 0.79 GB, eval 866 rows / 0.81 GB (host)
  seed 42 done (1/50)
  seed 43 done (2/50)
  seed 44 done (3/50)
  seed 45 done (4/50)
  seed 46 done (5/50)
  seed 47 done (6/50)
  seed 48 done (7/50)
  seed 49 done (8/50)
  seed 50 done (9/50)
  seed 51 done (10/50)
  seed 52 done (11/50)
  seed 53 done (12/50)
  seed 54 done (13/50)
  seed 55 done (14/50)
  seed 56 done (15/50)
  seed 57 done (16/50)
  seed 58 done (17/50)
