  L16        AUROC 0.5713  acc 0.5088
  L24        AUROC 0.5853  acc 0.5175
  L32        AUROC 0.7116  acc 0.5439
  L40        AUROC 0.6408  acc 0.5526
  L48        AUROC 0.6066  acc 0.5263
  L56        AUROC 0.5891  acc 0.5263
  L16        held-out dev (32 rows) threshold 0.165729  dev acc 0.5625
  L24        held-out dev (32 rows) threshold 0.0120972  dev acc 0.6250
  L32        held-out dev (32 rows) threshold 0.0013895  dev acc 0.7812
  L40        held-out dev (32 rows) threshold 0.111032  dev acc 0.7188
  L48        held-out dev (32 rows) threshold 0.00113493  dev acc 0.5938
  L56        held-out dev (32 rows) threshold 0.00147743  dev acc 0.6562
=== oig_omission: 114 rows (57 positive) ===
arm          AUROC     acc  n_correct  mean p|correct pos  mean p|correct neg  mean margin
L16         0.5713  0.5614         64              0.4061              0.0561       0.7674
L24         0.5853  0.5439         62              0.1721              0.0045       0.4510
L32         0.7116  0.6667         76              0.2050              0.0004       0.6651
L40         0.6408  0.5789         66              0.3833              0.0176       0.8281
L48         0.6066  0.5175         59              0.1051              0.0006       0.2415
L56         0.5891  0.5789         66              0.1515              0.0006       0.5883
--- do they get the SAME rows right? ---
# arms correct on a row          0       1       2       3       4       5       6
rows                             5      10      16      28      18      27      10
% of split                     4.4     8.8    14.0    24.6    15.8    23.7     8.8
pairwise (rows where BOTH correct / ONLY first / ONLY second / NEITHER):
  L16        vs L24         both   34  only-L16  30  only-L24  28  neither  22   Jaccard 0.370
  L16        vs L32         both   48  only-L16  16  only-L32  28  neither  22   Jaccard 0.522
  L16        vs L40         both   44  only-L16  20  only-L40  22  neither  28   Jaccard 0.512
  L16        vs L48         both   29  only-L16  35  only-L48  30  neither  20   Jaccard 0.309
  L16        vs L56         both   39  only-L16  25  only-L56  27  neither  23   Jaccard 0.429
  L24        vs L32         both   49  only-L24  13  only-L32  27  neither  25   Jaccard 0.551
  L24        vs L40         both   36  only-L24  26  only-L40  30  neither  22   Jaccard 0.391
  L24        vs L48         both   45  only-L24  17  only-L48  14  neither  38   Jaccard 0.592
  L24        vs L56         both   43  only-L24  19  only-L56  23  neither  29   Jaccard 0.506
  L32        vs L40         both   55  only-L32  21  only-L40  11  neither  27   Jaccard 0.632
  L32        vs L48         both   40  only-L32  36  only-L48  19  neither  19   Jaccard 0.421
  L32        vs L56         both   52  only-L32  24  only-L56  14  neither  24   Jaccard 0.578
  L40        vs L48         both   26  only-L40  40  only-L48  33  neither  15   Jaccard 0.263
  L40        vs L56         both   48  only-L40  18  only-L56  18  neither  30   Jaccard 0.571
  L48        vs L56         both   40  only-L48  19  only-L56  26  neither  29   Jaccard 0.471
  union (>=1 arm correct)    109/114  = 95.61%   <- ORACLE upper bound, needs a selector you do not have
  best single arm             76/114  = 66.67%
  majority vote  accuracy   0.6053   (achievable)
  mean-probability accuracy 0.6316  AUROC 0.6624  (achievable)
wrote results_instructions_gemma27b_layersweep/probe_agreement_all6.json
