loaded eval=1302 dev=436 redteam-train=50 in 6s
dev cut: val=100 (pos 50) pool=336 (pos 168)
grid: [0, 42, 84, 126, 168, 210, 252, 294, 336]
fitting N=0 (red-team only), train=50 | 18.4 GiB free
    [N=0] member 1/10 60 ep 1s
    [N=0] member 2/10 62 ep 1s
    [N=0] member 3/10 116 ep 1s
    [N=0] member 4/10 109 ep 1s
    [N=0] member 5/10 130 ep 2s
    [N=0] member 6/10 94 ep 1s
    [N=0] member 7/10 64 ep 1s
    [N=0] member 8/10 69 ep 1s
    [N=0] member 9/10 65 ep 1s
    [N=0] member 10/10 68 ep 1s
>>> joint     lr=None    N=   0  AUROC 0.7713  acc 0.7140  TPR@1%FPR 0.0779 (<=1%: 0.0965)
>>> finetune  lr=None    N=   0  AUROC 0.7713  acc 0.7140  TPR@1%FPR 0.0779 (<=1%: 0.0965)
[joint] N=42: train=92 | 18.0 GiB free
    [joint/N42] member 1/10 68 ep 1s
    [joint/N42] member 2/10 77 ep 1s
    [joint/N42] member 3/10 59 ep 1s
    [joint/N42] member 4/10 84 ep 1s
    [joint/N42] member 5/10 83 ep 1s
    [joint/N42] member 6/10 62 ep 1s
    [joint/N42] member 7/10 78 ep 1s
    [joint/N42] member 8/10 76 ep 1s
    [joint/N42] member 9/10 78 ep 1s
    [joint/N42] member 10/10 73 ep 1s
>>> joint     lr=None    N=  42  AUROC 0.7959  acc 0.7074  TPR@1%FPR 0.1646 (<=1%: 0.2359)
[joint] N=84: train=134 | 17.8 GiB free
    [joint/N84] member 1/10 61 ep 1s
    [joint/N84] member 2/10 61 ep 1s
    [joint/N84] member 3/10 61 ep 1s
    [joint/N84] member 4/10 58 ep 1s
    [joint/N84] member 5/10 61 ep 1s
    [joint/N84] member 6/10 70 ep 2s
    [joint/N84] member 7/10 63 ep 1s
    [joint/N84] member 8/10 63 ep 1s
    [joint/N84] member 9/10 67 ep 1s
    [joint/N84] member 10/10 59 ep 1s
>>> joint     lr=None    N=  84  AUROC 0.8653  acc 0.7266  TPR@1%FPR 0.2933 (<=1%: 0.3093)
[joint] N=126: train=176 | 17.6 GiB free
    [joint/N126] member 1/10 59 ep 2s
    [joint/N126] member 2/10 78 ep 2s
    [joint/N126] member 3/10 73 ep 2s
    [joint/N126] member 4/10 74 ep 2s
    [joint/N126] member 5/10 60 ep 2s
    [joint/N126] member 6/10 64 ep 2s
    [joint/N126] member 7/10 61 ep 2s
    [joint/N126] member 8/10 84 ep 2s
    [joint/N126] member 9/10 63 ep 2s
    [joint/N126] member 10/10 80 ep 2s
>>> joint     lr=None    N= 126  AUROC 0.8939  acc 0.7610  TPR@1%FPR 0.3243 (<=1%: 0.3814)
[joint] N=168: train=218 | 17.5 GiB free
    [joint/N168] member 1/10 61 ep 2s
    [joint/N168] member 2/10 64 ep 2s
    [joint/N168] member 3/10 60 ep 2s
    [joint/N168] member 4/10 69 ep 2s
    [joint/N168] member 5/10 58 ep 2s
    [joint/N168] member 6/10 58 ep 2s
    [joint/N168] member 7/10 59 ep 2s
    [joint/N168] member 8/10 69 ep 2s
    [joint/N168] member 9/10 59 ep 2s
    [joint/N168] member 10/10 66 ep 2s
>>> joint     lr=None    N= 168  AUROC 0.9154  acc 0.7910  TPR@1%FPR 0.3262 (<=1%: 0.4447)
[joint] N=210: train=260 | 17.3 GiB free
    [joint/N210] member 1/10 58 ep 2s
    [joint/N210] member 2/10 56 ep 2s
    [joint/N210] member 3/10 67 ep 2s
    [joint/N210] member 4/10 57 ep 2s
    [joint/N210] member 5/10 57 ep 2s
    [joint/N210] member 6/10 62 ep 2s
    [joint/N210] member 7/10 57 ep 2s
    [joint/N210] member 8/10 58 ep 2s
    [joint/N210] member 9/10 58 ep 2s
    [joint/N210] member 10/10 60 ep 2s
>>> joint     lr=None    N= 210  AUROC 0.9344  acc 0.8226  TPR@1%FPR 0.5574 (<=1%: 0.6245)
[joint] N=252: train=302 | 17.1 GiB free
    [joint/N252] member 1/10 58 ep 2s
    [joint/N252] member 2/10 77 ep 3s
    [joint/N252] member 3/10 59 ep 2s
    [joint/N252] member 4/10 60 ep 2s
    [joint/N252] member 5/10 57 ep 2s
    [joint/N252] member 6/10 75 ep 3s
    [joint/N252] member 7/10 56 ep 2s
    [joint/N252] member 8/10 60 ep 2s
    [joint/N252] member 9/10 72 ep 3s
    [joint/N252] member 10/10 57 ep 2s
>>> joint     lr=None    N= 252  AUROC 0.9446  acc 0.8471  TPR@1%FPR 0.3259 (<=1%: 0.6600)
[joint] N=294: train=344 | 16.9 GiB free
    [joint/N294] member 1/10 64 ep 3s
    [joint/N294] member 2/10 57 ep 3s
    [joint/N294] member 3/10 57 ep 3s
    [joint/N294] member 4/10 56 ep 2s
    [joint/N294] member 5/10 56 ep 2s
    [joint/N294] member 6/10 57 ep 3s
    [joint/N294] member 7/10 65 ep 3s
    [joint/N294] member 8/10 60 ep 3s
    [joint/N294] member 9/10 65 ep 3s
    [joint/N294] member 10/10 69 ep 3s
>>> joint     lr=None    N= 294  AUROC 0.9479  acc 0.8490  TPR@1%FPR 0.3459 (<=1%: 0.6972)
[joint] N=336: train=386 | 16.7 GiB free
    [joint/N336] member 1/10 74 ep 4s
    [joint/N336] member 2/10 105 ep 5s
    [joint/N336] member 3/10 73 ep 4s
    [joint/N336] member 4/10 58 ep 3s
    [joint/N336] member 5/10 66 ep 3s
    [joint/N336] member 6/10 62 ep 3s
    [joint/N336] member 7/10 62 ep 3s
    [joint/N336] member 8/10 97 ep 5s
    [joint/N336] member 9/10 67 ep 3s
    [joint/N336] member 10/10 56 ep 3s
>>> joint     lr=None    N= 336  AUROC 0.9509  acc 0.8673  TPR@1%FPR 0.4744 (<=1%: 0.7100)
[finetune lr=None] N=42 | 18.2 GiB free
/workspace/cc_based_auto_improvement/.venv_claude/src/tuberlens/src/tuberlens/probes/pytorch_classifiers.py:345: UserWarning: Detected call of `lr_scheduler.step()` before `optimizer.step()`. In PyTorch 1.1.0 and later, you should call them in the opposite order: `optimizer.step()` before `lr_scheduler.step()`.  Failure to do this will result in PyTorch skipping the first value of the learning rate schedule. See more details at https://pytorch.org/docs/stable/optim.html#how-to-adjust-learning-rate
  scheduler.step()
    [ft/N42] member 1/10 51 ep 1s
/workspace/cc_based_auto_improvement/.venv_claude/src/tuberlens/src/tuberlens/probes/pytorch_classifiers.py:345: UserWarning: Detected call of `lr_scheduler.step()` before `optimizer.step()`. In PyTorch 1.1.0 and later, you should call them in the opposite order: `optimizer.step()` before `lr_scheduler.step()`.  Failure to do this will result in PyTorch skipping the first value of the learning rate schedule. See more details at https://pytorch.org/docs/stable/optim.html#how-to-adjust-learning-rate
  scheduler.step()
    [ft/N42] member 2/10 51 ep 1s
/workspace/cc_based_auto_improvement/.venv_claude/src/tuberlens/src/tuberlens/probes/pytorch_classifiers.py:345: UserWarning: Detected call of `lr_scheduler.step()` before `optimizer.step()`. In PyTorch 1.1.0 and later, you should call them in the opposite order: `optimizer.step()` before `lr_scheduler.step()`.  Failure to do this will result in PyTorch skipping the first value of the learning rate schedule. See more details at https://pytorch.org/docs/stable/optim.html#how-to-adjust-learning-rate
  scheduler.step()
    [ft/N42] member 3/10 51 ep 1s
/workspace/cc_based_auto_improvement/.venv_claude/src/tuberlens/src/tuberlens/probes/pytorch_classifiers.py:345: UserWarning: Detected call of `lr_scheduler.step()` before `optimizer.step()`. In PyTorch 1.1.0 and later, you should call them in the opposite order: `optimizer.step()` before `lr_scheduler.step()`.  Failure to do this will result in PyTorch skipping the first value of the learning rate schedule. See more details at https://pytorch.org/docs/stable/optim.html#how-to-adjust-learning-rate
  scheduler.step()
    [ft/N42] member 4/10 51 ep 1s
/workspace/cc_based_auto_improvement/.venv_claude/src/tuberlens/src/tuberlens/probes/pytorch_classifiers.py:345: UserWarning: Detected call of `lr_scheduler.step()` before `optimizer.step()`. In PyTorch 1.1.0 and later, you should call them in the opposite order: `optimizer.step()` before `lr_scheduler.step()`.  Failure to do this will result in PyTorch skipping the first value of the learning rate schedule. See more details at https://pytorch.org/docs/stable/optim.html#how-to-adjust-learning-rate
  scheduler.step()
    [ft/N42] member 5/10 51 ep 1s
/workspace/cc_based_auto_improvement/.venv_claude/src/tuberlens/src/tuberlens/probes/pytorch_classifiers.py:345: UserWarning: Detected call of `lr_scheduler.step()` before `optimizer.step()`. In PyTorch 1.1.0 and later, you should call them in the opposite order: `optimizer.step()` before `lr_scheduler.step()`.  Failure to do this will result in PyTorch skipping the first value of the learning rate schedule. See more details at https://pytorch.org/docs/stable/optim.html#how-to-adjust-learning-rate
  scheduler.step()
    [ft/N42] member 6/10 51 ep 1s
/workspace/cc_based_auto_improvement/.venv_claude/src/tuberlens/src/tuberlens/probes/pytorch_classifiers.py:345: UserWarning: Detected call of `lr_scheduler.step()` before `optimizer.step()`. In PyTorch 1.1.0 and later, you should call them in the opposite order: `optimizer.step()` before `lr_scheduler.step()`.  Failure to do this will result in PyTorch skipping the first value of the learning rate schedule. See more details at https://pytorch.org/docs/stable/optim.html#how-to-adjust-learning-rate
  scheduler.step()
    [ft/N42] member 7/10 51 ep 1s
/workspace/cc_based_auto_improvement/.venv_claude/src/tuberlens/src/tuberlens/probes/pytorch_classifiers.py:345: UserWarning: Detected call of `lr_scheduler.step()` before `optimizer.step()`. In PyTorch 1.1.0 and later, you should call them in the opposite order: `optimizer.step()` before `lr_scheduler.step()`.  Failure to do this will result in PyTorch skipping the first value of the learning rate schedule. See more details at https://pytorch.org/docs/stable/optim.html#how-to-adjust-learning-rate
  scheduler.step()
    [ft/N42] member 8/10 51 ep 1s
/workspace/cc_based_auto_improvement/.venv_claude/src/tuberlens/src/tuberlens/probes/pytorch_classifiers.py:345: UserWarning: Detected call of `lr_scheduler.step()` before `optimizer.step()`. In PyTorch 1.1.0 and later, you should call them in the opposite order: `optimizer.step()` before `lr_scheduler.step()`.  Failure to do this will result in PyTorch skipping the first value of the learning rate schedule. See more details at https://pytorch.org/docs/stable/optim.html#how-to-adjust-learning-rate
  scheduler.step()
    [ft/N42] member 9/10 51 ep 1s
/workspace/cc_based_auto_improvement/.venv_claude/src/tuberlens/src/tuberlens/probes/pytorch_classifiers.py:345: UserWarning: Detected call of `lr_scheduler.step()` before `optimizer.step()`. In PyTorch 1.1.0 and later, you should call them in the opposite order: `optimizer.step()` before `lr_scheduler.step()`.  Failure to do this will result in PyTorch skipping the first value of the learning rate schedule. See more details at https://pytorch.org/docs/stable/optim.html#how-to-adjust-learning-rate
  scheduler.step()
    [ft/N42] member 10/10 51 ep 1s
>>> finetune  lr=None    N=  42  AUROC 0.7713  acc 0.7140  TPR@1%FPR 0.0779 (<=1%: 0.0965)
[finetune lr=None] N=84 | 18.0 GiB free
    [ft/N84] member 1/10 70 ep 1s
    [ft/N84] member 2/10 70 ep 1s
    [ft/N84] member 3/10 64 ep 1s
    [ft/N84] member 4/10 62 ep 1s
    [ft/N84] member 5/10 52 ep 1s
    [ft/N84] member 6/10 75 ep 1s
    [ft/N84] member 7/10 72 ep 1s
    [ft/N84] member 8/10 65 ep 1s
    [ft/N84] member 9/10 59 ep 1s
    [ft/N84] member 10/10 69 ep 1s
>>> finetune  lr=None    N=  84  AUROC 0.8928  acc 0.7558  TPR@1%FPR 0.2771 (<=1%: 0.3988)
[finetune lr=None] N=126 | 17.9 GiB free
    [ft/N126] member 1/10 61 ep 1s
    [ft/N126] member 2/10 73 ep 2s
    [ft/N126] member 3/10 71 ep 1s
    [ft/N126] member 4/10 56 ep 1s
    [ft/N126] member 5/10 66 ep 1s
    [ft/N126] member 6/10 74 ep 2s
    [ft/N126] member 7/10 60 ep 1s
    [ft/N126] member 8/10 71 ep 1s
    [ft/N126] member 9/10 67 ep 1s
    [ft/N126] member 10/10 57 ep 1s
>>> finetune  lr=None    N= 126  AUROC 0.9221  acc 0.7800  TPR@1%FPR 0.3602 (<=1%: 0.4015)
[finetune lr=None] N=168 | 17.7 GiB free
    [ft/N168] member 1/10 70 ep 2s
    [ft/N168] member 2/10 59 ep 1s
    [ft/N168] member 3/10 74 ep 2s
    [ft/N168] member 4/10 135 ep 3s
    [ft/N168] member 5/10 69 ep 2s
    [ft/N168] member 6/10 94 ep 2s
    [ft/N168] member 7/10 84 ep 2s
    [ft/N168] member 8/10 64 ep 2s
    [ft/N168] member 9/10 61 ep 2s
    [ft/N168] member 10/10 61 ep 2s
>>> finetune  lr=None    N= 168  AUROC 0.9373  acc 0.8214  TPR@1%FPR 0.4497 (<=1%: 0.4234)
[finetune lr=None] N=210 | 17.5 GiB free
    [ft/N210] member 1/10 57 ep 2s
    [ft/N210] member 2/10 61 ep 2s
    [ft/N210] member 3/10 75 ep 2s
    [ft/N210] member 4/10 51 ep 2s
    [ft/N210] member 5/10 57 ep 2s
    [ft/N210] member 6/10 68 ep 2s
    [ft/N210] member 7/10 59 ep 2s
    [ft/N210] member 8/10 61 ep 2s
    [ft/N210] member 9/10 58 ep 2s
    [ft/N210] member 10/10 57 ep 2s
>>> finetune  lr=None    N= 210  AUROC 0.9408  acc 0.8199  TPR@1%FPR 0.4165 (<=1%: 0.4198)
[finetune lr=None] N=252 | 17.3 GiB free
    [ft/N252] member 1/10 55 ep 2s
    [ft/N252] member 2/10 69 ep 2s
    [ft/N252] member 3/10 121 ep 4s
    [ft/N252] member 4/10 57 ep 2s
    [ft/N252] member 5/10 71 ep 2s
    [ft/N252] member 6/10 72 ep 2s
    [ft/N252] member 7/10 56 ep 2s
    [ft/N252] member 8/10 58 ep 2s
    [ft/N252] member 9/10 70 ep 2s
    [ft/N252] member 10/10 55 ep 2s
>>> finetune  lr=None    N= 252  AUROC 0.9477  acc 0.8407  TPR@1%FPR 0.4097 (<=1%: 0.6265)
[finetune lr=None] N=294 | 17.1 GiB free
    [ft/N294] member 1/10 55 ep 2s
    [ft/N294] member 2/10 60 ep 2s
    [ft/N294] member 3/10 74 ep 3s
    [ft/N294] member 4/10 77 ep 3s
    [ft/N294] member 5/10 57 ep 2s
    [ft/N294] member 6/10 81 ep 3s
    [ft/N294] member 7/10 68 ep 3s
    [ft/N294] member 8/10 73 ep 3s
    [ft/N294] member 9/10 57 ep 2s
    [ft/N294] member 10/10 57 ep 2s
>>> finetune  lr=None    N= 294  AUROC 0.9548  acc 0.8684  TPR@1%FPR 0.3595 (<=1%: 0.6710)
[finetune lr=None] N=336 | 16.9 GiB free
    [ft/N336] member 1/10 60 ep 3s
    [ft/N336] member 2/10 60 ep 3s
    [ft/N336] member 3/10 66 ep 3s
    [ft/N336] member 4/10 72 ep 3s
    [ft/N336] member 5/10 57 ep 2s
    [ft/N336] member 6/10 135 ep 6s
    [ft/N336] member 7/10 71 ep 3s
    [ft/N336] member 8/10 66 ep 3s
    [ft/N336] member 9/10 56 ep 2s
    [ft/N336] member 10/10 69 ep 3s
>>> finetune  lr=None    N= 336  AUROC 0.9613  acc 0.8829  TPR@1%FPR 0.4236 (<=1%: 0.7677)
done in 6.0 min -> analysis/ceiling/results/sweep_nort.jsonl
