
=== deepseekv4pro ===
  vintage 1:  368 of the iter3 rows (184 of 226 iter1 pairs survive)
  vintage 2:  706 of the iter3 rows (353 of 370 iter2 pairs survive)
  vintage 3:  878 of the iter3 rows (439 of 439 iter3 pairs survive)
  36 fit(s) to run
  red-team activations: 878 rows, 9.7 GB (20s); 173 on the val side
  [vintage 1] train=334 val=84 (built in 5s)
  seed 42 v1 linear_then_softmax            fit  183.3s score 17.3s params=   5377 best_epoch=1  MEAN=0.7283
     ai_dilemmas    acc=0.507 auc=0.6123  ant_hh         acc=0.597 auc=0.6165  balanced_refusal acc=0.730 auc=0.8850  daily_dilemmas acc=0.551 auc=0.7995
  seed 42 v1 pre_mean                       fit  186.3s score 17.1s params=   5377 best_epoch=2  MEAN=0.7570
     ai_dilemmas    acc=0.500 auc=0.6326  ant_hh         acc=0.597 auc=0.7157  balanced_refusal acc=0.745 auc=0.8350  daily_dilemmas acc=0.577 auc=0.8445
  seed 42 v1 token_linear_then_softmax      fit  202.6s score 16.9s params=   6402 best_epoch=3  MEAN=0.7055
     ai_dilemmas    acc=0.500 auc=0.6651  ant_hh         acc=0.679 auc=0.7294  balanced_refusal acc=0.718 auc=0.7423  daily_dilemmas acc=0.556 auc=0.6850
  seed 42 v1 token_mlp_then_softmax         fit  192.7s score 17.2s params=  71042 best_epoch=3  MEAN=0.6044
     ai_dilemmas    acc=0.500 auc=0.5429  ant_hh         acc=0.634 auc=0.7003  balanced_refusal acc=0.393 auc=0.5172  daily_dilemmas acc=0.602 auc=0.6571
  [vintage 2] train=606 val=150 (built in 24s)
  seed 42 v2 linear_then_softmax            fit  371.1s score 21.0s params=   5377 best_epoch=5  MEAN=0.7739
     ai_dilemmas    acc=0.507 auc=0.6348  ant_hh         acc=0.657 auc=0.7196  balanced_refusal acc=0.797 auc=0.8181  daily_dilemmas acc=0.648 auc=0.9232
  seed 42 v2 pre_mean                       fit  447.1s score 18.7s params=   5377 best_epoch=19  MEAN=0.7771
     ai_dilemmas    acc=0.500 auc=0.6188  ant_hh         acc=0.716 auc=0.8043  balanced_refusal acc=0.790 auc=0.8902  daily_dilemmas acc=0.719 auc=0.7951
  seed 42 v2 token_linear_then_softmax      fit  406.2s score 20.3s params=   6402 best_epoch=9  MEAN=0.5273
     ai_dilemmas    acc=0.515 auc=0.5268  ant_hh         acc=0.530 auc=0.5841  balanced_refusal acc=0.517 auc=0.5650  daily_dilemmas acc=0.515 auc=0.4332
  seed 42 v2 token_mlp_then_softmax         fit  397.2s score 18.1s params=  71042 best_epoch=7  MEAN=0.6041
     ai_dilemmas    acc=0.507 auc=0.5110  ant_hh         acc=0.657 auc=0.7238  balanced_refusal acc=0.517 auc=0.6097  daily_dilemmas acc=0.526 auc=0.5718
  [vintage 3] train=747 val=181 (built in 38s)
  seed 42 v3 linear_then_softmax            fit  702.1s score 22.1s params=   5377 best_epoch=36  MEAN=0.9112
     ai_dilemmas    acc=0.647 auc=0.9886  ant_hh         acc=0.709 auc=0.7149  balanced_refusal acc=0.787 auc=0.9535  daily_dilemmas acc=0.898 auc=0.9878
  seed 42 v3 pre_mean                       fit  423.1s score 20.0s params=   5377 best_epoch=3  MEAN=0.7751
     ai_dilemmas    acc=0.500 auc=0.6248  ant_hh         acc=0.687 auc=0.7744  balanced_refusal acc=0.780 auc=0.8824  daily_dilemmas acc=0.653 auc=0.8189
  seed 42 v3 token_linear_then_softmax      fit  533.2s score 24.5s params=   6402 best_epoch=14  MEAN=0.5670
     ai_dilemmas    acc=0.507 auc=0.5216  ant_hh         acc=0.493 auc=0.5496  balanced_refusal acc=0.677 auc=0.7303  daily_dilemmas acc=0.510 auc=0.4664
  seed 42 v3 token_mlp_then_softmax         fit  519.7s score 22.8s params=  71042 best_epoch=16  MEAN=0.5859
     ai_dilemmas    acc=0.507 auc=0.5055  ant_hh         acc=0.649 auc=0.6960  balanced_refusal acc=0.598 auc=0.5754  daily_dilemmas acc=0.500 auc=0.5665
  [vintage 1] train=334 val=84 (built in 6s)
  seed 43 v1 linear_then_softmax            fit  189.9s score 15.9s params=   5377 best_epoch=1  MEAN=0.7641
     ai_dilemmas    acc=0.537 auc=0.6726  ant_hh         acc=0.597 auc=0.7111  balanced_refusal acc=0.762 auc=0.8607  daily_dilemmas acc=0.740 auc=0.8122
  seed 43 v1 pre_mean                       fit  181.5s score 15.5s params=   5377 best_epoch=2  MEAN=0.7474
     ai_dilemmas    acc=0.500 auc=0.6497  ant_hh         acc=0.604 auc=0.7106  balanced_refusal acc=0.693 auc=0.7996  daily_dilemmas acc=0.587 auc=0.8298
  seed 43 v1 token_linear_then_softmax      fit  186.2s score 16.2s params=   6402 best_epoch=3  MEAN=0.6375
     ai_dilemmas    acc=0.500 auc=0.5712  ant_hh         acc=0.507 auc=0.5825  balanced_refusal acc=0.500 auc=0.7670  daily_dilemmas acc=0.510 auc=0.6295
  seed 43 v1 token_mlp_then_softmax         fit  201.9s score 17.2s params=  71042 best_epoch=6  MEAN=0.7140
     ai_dilemmas    acc=0.596 auc=0.6782  ant_hh         acc=0.664 auc=0.7642  balanced_refusal acc=0.708 auc=0.7366  daily_dilemmas acc=0.607 auc=0.6769

=== deepseekv4pro ===
  vintage 1:  368 of the iter3 rows (184 of 226 iter1 pairs survive)
  vintage 2:  706 of the iter3 rows (353 of 370 iter2 pairs survive)
  vintage 3:  878 of the iter3 rows (439 of 439 iter3 pairs survive)
  4 fit(s) to run
  red-team activations: 878 rows, 9.7 GB (25s); 173 on the val side
  [vintage 2] train=606 val=150 (built in 11s)
  seed 43 v2 linear_then_softmax            fit  539.5s score 23.4s params=   5377 best_epoch=33  MEAN=0.7887
     ai_dilemmas    acc=0.529 auc=0.6433  ant_hh         acc=0.649 auc=0.7473  balanced_refusal acc=0.730 auc=0.8261  daily_dilemmas acc=0.852 auc=0.9379
  seed 43 v2 pre_mean                       fit  630.6s score 17.5s params=   5377 best_epoch=47  MEAN=0.7774
     ai_dilemmas    acc=0.500 auc=0.6287  ant_hh         acc=0.709 auc=0.8055  balanced_refusal acc=0.790 auc=0.8934  daily_dilemmas acc=0.714 auc=0.7821
  [vintage 3] train=747 val=181 (built in 27s)
  seed 43 v3 linear_then_softmax            fit  768.6s score 23.3s params=   5377 best_epoch=44  MEAN=0.9105
     ai_dilemmas    acc=0.588 auc=0.9782  ant_hh         acc=0.716 auc=0.7601  balanced_refusal acc=0.752 auc=0.9126  daily_dilemmas acc=0.893 auc=0.9911
  seed 43 v3 pre_mean                       fit  444.7s score 19.5s params=   5377 best_epoch=6  MEAN=0.7759
     ai_dilemmas    acc=0.507 auc=0.6386  ant_hh         acc=0.701 auc=0.7782  balanced_refusal acc=0.792 auc=0.8908  daily_dilemmas acc=0.709 auc=0.7960


########## eval AUROC by vintage x architecture ##########

  deepseekv4pro
    architecture                             vintage 1           vintage 2           vintage 3
    linear_then_softmax            0.7462+/-0.0253 (2) 0.7813+/-0.0104 (2) 0.9108+/-0.0005 (2)
    pre_mean                       0.7522+/-0.0068 (2) 0.7773+/-0.0002 (2) 0.7755+/-0.0006 (2)
    token_linear_then_softmax      0.6715+/-0.0480 (2) 0.5273+/-0.0000 (1) 0.5670+/-0.0000 (1)
    token_mlp_then_softmax         0.6592+/-0.0775 (2) 0.6041+/-0.0000 (1) 0.5859+/-0.0000 (1)


########## paired deltas vs. the two baselines (same arm/vintage/seed) ##########
  positive = the token-pooled head scores higher on mean eval AUROC

  deepseekv4pro
    contrast                                                          vintage 1          vintage 2          vintage 3
    token_linear_then_softmax  -  pre_mean                     -0.0807+/-0.0413   -0.2498+/-0.0000   -0.2082+/-0.0000
    token_linear_then_softmax  -  linear_then_softmax          -0.0747+/-0.0734   -0.2467+/-0.0000   -0.3442+/-0.0000
    token_mlp_then_softmax  -  pre_mean                        -0.0930+/-0.0842   -0.1730+/-0.0000   -0.1893+/-0.0000
    token_mlp_then_softmax  -  linear_then_softmax             -0.0871+/-0.0522   -0.1699+/-0.0000   -0.3253+/-0.0000


########## per-split AUROC at vintage 3 ##########

  deepseekv4pro
    architecture                         ai_dilemmas            ant_hh  balanced_refusal    daily_dilemmas
    linear_then_softmax            0.9834+/-0.007 0.7375+/-0.032 0.9331+/-0.029 0.9895+/-0.002
    pre_mean                       0.6317+/-0.010 0.7763+/-0.003 0.8866+/-0.006 0.8075+/-0.016
    token_linear_then_softmax      0.5216+/-0.000 0.5496+/-0.000 0.7303+/-0.000 0.4664+/-0.000
    token_mlp_then_softmax         0.5055+/-0.000 0.6960+/-0.000 0.5754+/-0.000 0.5665+/-0.000


########## does the logit just track conversation length? ##########
  Spearman(logit, n_tokens) within each split, averaged over splits and seeds.
  The last column is Spearman(n_tokens, label) — the correlation a probe is
  entitled to exploit; a head far above it is reading length, not the concept.

  deepseekv4pro   [length vs. label: +0.088]
    linear_then_softmax            +0.055+/-0.049
    pre_mean                       +0.308+/-0.029
    token_linear_then_softmax      +0.141+/-0.000
    token_mlp_then_softmax         +0.175+/-0.000


########## hard-core recovery — 31 rows, balanced rule ##########

  deepseekv4pro
    linear_then_softmax              0.5+/-0.7 of 31
    pre_mean                        12.5+/-0.7 of 31
    token_linear_then_softmax       11.0+/-0.0 of 31
    token_mlp_then_softmax          26.0+/-0.0 of 31

  (heldout four-way cores: {'four_way_with_base': 37, 'four_way_no_base': 38, 'eight_family_core': 31})

wrote /workspace/cc_based_auto_improvement/results_hu_harm_gemma27b_batch_ablation/token_pool/token_pool.json
